Component: ARM Compiler 5.06 update 1 (build 61) Tool: armlink [4d35a8]

==============================================================================

Section Cross References

    main.o(i.main) refers to stm32f10x_rcc.o(i.RCC_APB2PeriphClockCmd) for RCC_APB2PeriphClockCmd
    main.o(i.main) refers to stm32f10x_rcc.o(i.RCC_APB1PeriphClockCmd) for RCC_APB1PeriphClockCmd
    main.o(i.main) refers to stm32f10x_rcc.o(i.RCC_AHBPeriphClockCmd) for RCC_AHBPeriphClockCmd
    main.o(i.main) refers to stm32f10x_gpio.o(i.GPIO_Init) for GPIO_Init
    main.o(i.main) refers to serial.o(i.Serial_Init) for Serial_Init
    main.o(i.main) refers to vga.o(i.VGA_Init) for VGA_Init
    main.o(i.main) refers to sd.o(i.SD_InitSPI) for SD_InitSPI
    main.o(i.main) refers to sd.o(i.SD_InitCard) for SD_InitCard
    main.o(i.main) refers to fs.o(i.FS_Init) for FS_Init
    main.o(i.main) refers to stm32f10x_gpio.o(i.GPIO_SetBits) for GPIO_SetBits
    main.o(i.main) refers to stm32f10x_gpio.o(i.GPIO_ResetBits) for GPIO_ResetBits
    main.o(i.main) refers to fs.o(i.FS_FindBadAppleBin) for FS_FindBadAppleBin
    main.o(i.main) refers to stm32f10x_gpio.o(i.GPIO_ReadInputDataBit) for GPIO_ReadInputDataBit
    main.o(i.main) refers to player.o(i.Player_Play) for Player_Play
    fs.o(i.FS_FindBadAppleBin) refers to stm32f10x_gpio.o(i.GPIO_ResetBits) for GPIO_ResetBits
    fs.o(i.FS_FindBadAppleBin) refers to sd.o(i.SD_StartReadBlock) for SD_StartReadBlock
    fs.o(i.FS_FindBadAppleBin) refers to sd.o(i.SD_SendNOP) for SD_SendNOP
    fs.o(i.FS_FindBadAppleBin) refers to fs.o(i.FS_GetNextClust) for FS_GetNextClust
    fs.o(i.FS_FindBadAppleBin) refers to stm32f10x_gpio.o(i.GPIO_SetBits) for GPIO_SetBits
    fs.o(i.FS_FindBadAppleBin) refers to fs.o(.data) for FS_PatternSector
    fs.o(i.FS_GetNextClust) refers to sd.o(i.SD_StartReadBlock) for SD_StartReadBlock
    fs.o(i.FS_GetNextClust) refers to sd.o(i.SD_SendNOP) for SD_SendNOP
    fs.o(i.FS_GetNextClust) refers to fs.o(.data) for FS_FatSector
    fs.o(i.FS_Init) refers to stm32f10x_gpio.o(i.GPIO_ResetBits) for GPIO_ResetBits
    fs.o(i.FS_Init) refers to sd.o(i.SD_StartReadBlock) for SD_StartReadBlock
    fs.o(i.FS_Init) refers to sd.o(i.SD_SendNOP) for SD_SendNOP
    fs.o(i.FS_Init) refers to stm32f10x_gpio.o(i.GPIO_SetBits) for GPIO_SetBits
    fs.o(i.FS_Init) refers to fs.o(.data) for FS_PatternSector
    sd.o(i.SD_InitCard) refers to stm32f10x_gpio.o(i.GPIO_ResetBits) for GPIO_ResetBits
    sd.o(i.SD_InitCard) refers to delay.o(i.Delay_ms) for Delay_ms
    sd.o(i.SD_InitCard) refers to stm32f10x_gpio.o(i.GPIO_SetBits) for GPIO_SetBits
    sd.o(i.SD_InitCard) refers to stm32f10x_spi.o(i.SPI_I2S_GetFlagStatus) for SPI_I2S_GetFlagStatus
    sd.o(i.SD_InitCard) refers to stm32f10x_spi.o(i.SPI_I2S_SendData) for SPI_I2S_SendData
    sd.o(i.SD_InitCard) refers to sd.o(i.SD_SendData) for SD_SendData
    sd.o(i.SD_InitCard) refers to sd.o(i.SD_SendNOP) for SD_SendNOP
    sd.o(i.SD_InitCard) refers to stm32f10x_spi.o(i.SPI_Cmd) for SPI_Cmd
    sd.o(i.SD_InitCard) refers to stm32f10x_spi.o(i.SPI_Init) for SPI_Init
    sd.o(i.SD_InitCard) refers to sd.o(.data) for SD_Info
    sd.o(i.SD_InitSPI) refers to stm32f10x_gpio.o(i.GPIO_Init) for GPIO_Init
    sd.o(i.SD_InitSPI) refers to stm32f10x_spi.o(i.SPI_Init) for SPI_Init
    sd.o(i.SD_InitSPI) refers to stm32f10x_spi.o(i.SPI_Cmd) for SPI_Cmd
    sd.o(i.SD_RW) refers to stm32f10x_spi.o(i.SPI_I2S_SendData) for SPI_I2S_SendData
    sd.o(i.SD_RW) refers to stm32f10x_spi.o(i.SPI_I2S_GetFlagStatus) for SPI_I2S_GetFlagStatus
    sd.o(i.SD_RW) refers to stm32f10x_spi.o(i.SPI_I2S_ReceiveData) for SPI_I2S_ReceiveData
    sd.o(i.SD_SendData) refers to sd.o(i.SD_SendNOP) for SD_SendNOP
    sd.o(i.SD_SendData) refers to sd.o(i.SD_RW) for SD_RW
    sd.o(i.SD_SendNOP) refers to sd.o(i.SD_RW) for SD_RW
    sd.o(i.SD_StartReadBlock) refers to sd.o(i.SD_SendData) for SD_SendData
    sd.o(i.SD_StartReadBlock) refers to sd.o(i.SD_SendNOP) for SD_SendNOP
    sd.o(i.SD_StartReadBlock) refers to sd.o(.data) for SD_Info
    vga.o(i.DMA1_Channel3_IRQHandler) refers to vga.o(.data) for vdraw
    vga.o(i.DMA1_Channel3_IRQHandler) refers to vga.o(.bss) for fb1
    vga.o(i.TIM1_CC_IRQHandler) refers to vga.o(.data) for vflag
    vga.o(i.TIM2_IRQHandler) refers to vga.o(.data) for vflag
    vga.o(i.VGA_ClearScreen) refers to vga.o(.bss) for fb1
    vga.o(i.VGA_Init) refers to vga.o(i.VGA_InitSPI) for VGA_InitSPI
    vga.o(i.VGA_Init) refers to vga.o(i.VGA_InitTIM) for VGA_InitTIM
    vga.o(i.VGA_Init) refers to vga.o(i.VGA_ClearScreen) for VGA_ClearScreen
    vga.o(i.VGA_InitSPI) refers to stm32f10x_dma.o(i.DMA_DeInit) for DMA_DeInit
    vga.o(i.VGA_InitSPI) refers to stm32f10x_dma.o(i.DMA_Init) for DMA_Init
    vga.o(i.VGA_InitSPI) refers to stm32f10x_spi.o(i.SPI_Init) for SPI_Init
    vga.o(i.VGA_InitSPI) refers to stm32f10x_spi.o(i.SPI_CalculateCRC) for SPI_CalculateCRC
    vga.o(i.VGA_InitSPI) refers to stm32f10x_spi.o(i.SPI_I2S_DMACmd) for SPI_I2S_DMACmd
    vga.o(i.VGA_InitSPI) refers to stm32f10x_spi.o(i.SPI_Cmd) for SPI_Cmd
    vga.o(i.VGA_InitSPI) refers to misc.o(i.NVIC_Init) for NVIC_Init
    vga.o(i.VGA_InitSPI) refers to stm32f10x_dma.o(i.DMA_ITConfig) for DMA_ITConfig
    vga.o(i.VGA_InitSPI) refers to vga.o(.bss) for fb1
    vga.o(i.VGA_InitTIM) refers to stm32f10x_tim.o(i.TIM_DeInit) for TIM_DeInit
    vga.o(i.VGA_InitTIM) refers to stm32f10x_tim.o(i.TIM_TimeBaseInit) for TIM_TimeBaseInit
    vga.o(i.VGA_InitTIM) refers to stm32f10x_tim.o(i.TIM_OC1Init) for TIM_OC1Init
    vga.o(i.VGA_InitTIM) refers to stm32f10x_tim.o(i.TIM_OC2Init) for TIM_OC2Init
    vga.o(i.VGA_InitTIM) refers to stm32f10x_tim.o(i.TIM_CtrlPWMOutputs) for TIM_CtrlPWMOutputs
    vga.o(i.VGA_InitTIM) refers to stm32f10x_tim.o(i.TIM_SelectMasterSlaveMode) for TIM_SelectMasterSlaveMode
    vga.o(i.VGA_InitTIM) refers to stm32f10x_tim.o(i.TIM_SelectOutputTrigger) for TIM_SelectOutputTrigger
    vga.o(i.VGA_InitTIM) refers to stm32f10x_tim.o(i.TIM_SelectSlaveMode) for TIM_SelectSlaveMode
    vga.o(i.VGA_InitTIM) refers to stm32f10x_tim.o(i.TIM_SelectInputTrigger) for TIM_SelectInputTrigger
    vga.o(i.VGA_InitTIM) refers to stm32f10x_tim.o(i.TIM_OC4Init) for TIM_OC4Init
    vga.o(i.VGA_InitTIM) refers to misc.o(i.NVIC_Init) for NVIC_Init
    vga.o(i.VGA_InitTIM) refers to stm32f10x_tim.o(i.TIM_ITConfig) for TIM_ITConfig
    vga.o(i.VGA_InitTIM) refers to stm32f10x_tim.o(i.TIM_Cmd) for TIM_Cmd
    vga.o(i.VGA_SetBuf) refers to vga.o(.bss) for fb1
    player.o(i.Player_Play) refers to stm32f10x_gpio.o(i.GPIO_ResetBits) for GPIO_ResetBits
    player.o(i.Player_Play) refers to serial.o(i.Serial_Send) for Serial_Send
    player.o(i.Player_Play) refers to sd.o(i.SD_StartReadBlock) for SD_StartReadBlock
    player.o(i.Player_Play) refers to sd.o(i.SD_SendNOP) for SD_SendNOP
    player.o(i.Player_Play) refers to vga.o(i.VGA_SetBuf) for VGA_SetBuf
    player.o(i.Player_Play) refers to fs.o(i.FS_GetNextClust) for FS_GetNextClust
    player.o(i.Player_Play) refers to fs.o(.data) for FS_FatSector
    serial.o(i.Serial_Init) refers to stm32f10x_gpio.o(i.GPIO_Init) for GPIO_Init
    serial.o(i.Serial_Init) refers to stm32f10x_usart.o(i.USART_Init) for USART_Init
    serial.o(i.Serial_Init) refers to stm32f10x_usart.o(i.USART_Cmd) for USART_Cmd
    serial.o(i.Serial_Send) refers to stm32f10x_usart.o(i.USART_SendData) for USART_SendData
    serial.o(i.Serial_Send) refers to stm32f10x_usart.o(i.USART_GetFlagStatus) for USART_GetFlagStatus
    system_stm32f10x.o(i.SetSysClock) refers to system_stm32f10x.o(i.SetSysClockTo72) for SetSysClockTo72
    system_stm32f10x.o(i.SystemCoreClockUpdate) refers to system_stm32f10x.o(.data) for SystemCoreClock
    system_stm32f10x.o(i.SystemInit) refers to system_stm32f10x.o(i.SetSysClock) for SetSysClock
    stm32f10x_rcc.o(i.RCC_GetClocksFreq) refers to stm32f10x_rcc.o(.data) for APBAHBPrescTable
    stm32f10x_rcc.o(i.RCC_WaitForHSEStartUp) refers to stm32f10x_rcc.o(i.RCC_GetFlagStatus) for RCC_GetFlagStatus
    stm32f10x_gpio.o(i.GPIO_AFIODeInit) refers to stm32f10x_rcc.o(i.RCC_APB2PeriphResetCmd) for RCC_APB2PeriphResetCmd
    stm32f10x_gpio.o(i.GPIO_DeInit) refers to stm32f10x_rcc.o(i.RCC_APB2PeriphResetCmd) for RCC_APB2PeriphResetCmd
    stm32f10x_spi.o(i.I2S_Init) refers to stm32f10x_rcc.o(i.RCC_GetClocksFreq) for RCC_GetClocksFreq
    stm32f10x_spi.o(i.SPI_I2S_DeInit) refers to stm32f10x_rcc.o(i.RCC_APB2PeriphResetCmd) for RCC_APB2PeriphResetCmd
    stm32f10x_spi.o(i.SPI_I2S_DeInit) refers to stm32f10x_rcc.o(i.RCC_APB1PeriphResetCmd) for RCC_APB1PeriphResetCmd
    stm32f10x_tim.o(i.TIM_DeInit) refers to stm32f10x_rcc.o(i.RCC_APB2PeriphResetCmd) for RCC_APB2PeriphResetCmd
    stm32f10x_tim.o(i.TIM_DeInit) refers to stm32f10x_rcc.o(i.RCC_APB1PeriphResetCmd) for RCC_APB1PeriphResetCmd
    stm32f10x_tim.o(i.TIM_ETRClockMode1Config) refers to stm32f10x_tim.o(i.TIM_ETRConfig) for TIM_ETRConfig
    stm32f10x_tim.o(i.TIM_ETRClockMode2Config) refers to stm32f10x_tim.o(i.TIM_ETRConfig) for TIM_ETRConfig
    stm32f10x_tim.o(i.TIM_ICInit) refers to stm32f10x_tim.o(i.TI1_Config) for TI1_Config
    stm32f10x_tim.o(i.TIM_ICInit) refers to stm32f10x_tim.o(i.TIM_SetIC1Prescaler) for TIM_SetIC1Prescaler
    stm32f10x_tim.o(i.TIM_ICInit) refers to stm32f10x_tim.o(i.TI2_Config) for TI2_Config
    stm32f10x_tim.o(i.TIM_ICInit) refers to stm32f10x_tim.o(i.TIM_SetIC2Prescaler) for TIM_SetIC2Prescaler
    stm32f10x_tim.o(i.TIM_ICInit) refers to stm32f10x_tim.o(i.TI3_Config) for TI3_Config
    stm32f10x_tim.o(i.TIM_ICInit) refers to stm32f10x_tim.o(i.TIM_SetIC3Prescaler) for TIM_SetIC3Prescaler
    stm32f10x_tim.o(i.TIM_ICInit) refers to stm32f10x_tim.o(i.TI4_Config) for TI4_Config
    stm32f10x_tim.o(i.TIM_ICInit) refers to stm32f10x_tim.o(i.TIM_SetIC4Prescaler) for TIM_SetIC4Prescaler
    stm32f10x_tim.o(i.TIM_ITRxExternalClockConfig) refers to stm32f10x_tim.o(i.TIM_SelectInputTrigger) for TIM_SelectInputTrigger
    stm32f10x_tim.o(i.TIM_PWMIConfig) refers to stm32f10x_tim.o(i.TI1_Config) for TI1_Config
    stm32f10x_tim.o(i.TIM_PWMIConfig) refers to stm32f10x_tim.o(i.TIM_SetIC1Prescaler) for TIM_SetIC1Prescaler
    stm32f10x_tim.o(i.TIM_PWMIConfig) refers to stm32f10x_tim.o(i.TI2_Config) for TI2_Config
    stm32f10x_tim.o(i.TIM_PWMIConfig) refers to stm32f10x_tim.o(i.TIM_SetIC2Prescaler) for TIM_SetIC2Prescaler
    stm32f10x_tim.o(i.TIM_TIxExternalClockConfig) refers to stm32f10x_tim.o(i.TI2_Config) for TI2_Config
    stm32f10x_tim.o(i.TIM_TIxExternalClockConfig) refers to stm32f10x_tim.o(i.TI1_Config) for TI1_Config
    stm32f10x_tim.o(i.TIM_TIxExternalClockConfig) refers to stm32f10x_tim.o(i.TIM_SelectInputTrigger) for TIM_SelectInputTrigger
    stm32f10x_usart.o(i.USART_DeInit) refers to stm32f10x_rcc.o(i.RCC_APB2PeriphResetCmd) for RCC_APB2PeriphResetCmd
    stm32f10x_usart.o(i.USART_DeInit) refers to stm32f10x_rcc.o(i.RCC_APB1PeriphResetCmd) for RCC_APB1PeriphResetCmd
    stm32f10x_usart.o(i.USART_Init) refers to stm32f10x_rcc.o(i.RCC_GetClocksFreq) for RCC_GetClocksFreq
    startup_stm32f10x_md.o(RESET) refers to startup_stm32f10x_md.o(STACK) for __initial_sp
    startup_stm32f10x_md.o(RESET) refers to startup_stm32f10x_md.o(.text) for Reset_Handler
    startup_stm32f10x_md.o(RESET) refers to stm32f10x_it.o(i.NMI_Handler) for NMI_Handler
    startup_stm32f10x_md.o(RESET) refers to stm32f10x_it.o(i.HardFault_Handler) for HardFault_Handler
    startup_stm32f10x_md.o(RESET) refers to stm32f10x_it.o(i.MemManage_Handler) for MemManage_Handler
    startup_stm32f10x_md.o(RESET) refers to stm32f10x_it.o(i.BusFault_Handler) for BusFault_Handler
    startup_stm32f10x_md.o(RESET) refers to stm32f10x_it.o(i.UsageFault_Handler) for UsageFault_Handler
    startup_stm32f10x_md.o(RESET) refers to stm32f10x_it.o(i.SVC_Handler) for SVC_Handler
    startup_stm32f10x_md.o(RESET) refers to stm32f10x_it.o(i.DebugMon_Handler) for DebugMon_Handler
    startup_stm32f10x_md.o(RESET) refers to stm32f10x_it.o(i.PendSV_Handler) for PendSV_Handler
    startup_stm32f10x_md.o(RESET) refers to stm32f10x_it.o(i.SysTick_Handler) for SysTick_Handler
    startup_stm32f10x_md.o(RESET) refers to vga.o(i.DMA1_Channel3_IRQHandler) for DMA1_Channel3_IRQHandler
    startup_stm32f10x_md.o(RESET) refers to vga.o(i.TIM1_CC_IRQHandler) for TIM1_CC_IRQHandler
    startup_stm32f10x_md.o(RESET) refers to vga.o(i.TIM2_IRQHandler) for TIM2_IRQHandler
    startup_stm32f10x_md.o(.text) refers to system_stm32f10x.o(i.SystemInit) for SystemInit
    startup_stm32f10x_md.o(.text) refers to entry.o(.ARM.Collect$$$$00000000) for __main
    entry.o(.ARM.Collect$$$$00000000) refers (Special) to entry10a.o(.ARM.Collect$$$$0000000D) for __rt_final_cpp
    entry.o(.ARM.Collect$$$$00000000) refers (Special) to entry11a.o(.ARM.Collect$$$$0000000F) for __rt_final_exit
    entry.o(.ARM.Collect$$$$00000000) refers (Special) to entry7b.o(.ARM.Collect$$$$00000008) for _main_clock
    entry.o(.ARM.Collect$$$$00000000) refers (Special) to entry8b.o(.ARM.Collect$$$$0000000A) for _main_cpp_init
    entry.o(.ARM.Collect$$$$00000000) refers (Special) to entry9a.o(.ARM.Collect$$$$0000000B) for _main_init
    entry.o(.ARM.Collect$$$$00000000) refers (Special) to entry5.o(.ARM.Collect$$$$00000004) for _main_scatterload
    entry.o(.ARM.Collect$$$$00000000) refers (Special) to entry2.o(.ARM.Collect$$$$00000001) for _main_stk
    entry2.o(.ARM.Collect$$$$00000001) refers to entry2.o(.ARM.Collect$$$$00002712) for __lit__00000000
    entry2.o(.ARM.Collect$$$$00002712) refers to startup_stm32f10x_md.o(STACK) for __initial_sp
    entry2.o(__vectab_stack_and_reset_area) refers to startup_stm32f10x_md.o(STACK) for __initial_sp
    entry2.o(__vectab_stack_and_reset_area) refers to entry.o(.ARM.Collect$$$$00000000) for __main
    entry5.o(.ARM.Collect$$$$00000004) refers to init.o(.text) for __scatterload
    entry9a.o(.ARM.Collect$$$$0000000B) refers to main.o(i.main) for main
    entry9b.o(.ARM.Collect$$$$0000000C) refers to main.o(i.main) for main
    init.o(.text) refers to entry5.o(.ARM.Collect$$$$00000004) for __main_after_scatterload


==============================================================================

Removing Unused input sections from the image.

    Removing player.o(.data), (1 bytes).
    Removing core_cm3.o(.emb_text), (32 bytes).
    Removing system_stm32f10x.o(i.SystemCoreClockUpdate), (164 bytes).
    Removing system_stm32f10x.o(.data), (20 bytes).
    Removing misc.o(i.NVIC_PriorityGroupConfig), (20 bytes).
    Removing misc.o(i.NVIC_SetVectorTable), (20 bytes).
    Removing misc.o(i.NVIC_SystemLPConfig), (32 bytes).
    Removing misc.o(i.SysTick_CLKSourceConfig), (40 bytes).
    Removing stm32f10x_rcc.o(i.RCC_ADCCLKConfig), (24 bytes).
    Removing stm32f10x_rcc.o(i.RCC_AdjustHSICalibrationValue), (24 bytes).
    Removing stm32f10x_rcc.o(i.RCC_BackupResetCmd), (12 bytes).
    Removing stm32f10x_rcc.o(i.RCC_ClearFlag), (20 bytes).
    Removing stm32f10x_rcc.o(i.RCC_ClearITPendingBit), (12 bytes).
    Removing stm32f10x_rcc.o(i.RCC_ClockSecuritySystemCmd), (12 bytes).
    Removing stm32f10x_rcc.o(i.RCC_DeInit), (76 bytes).
    Removing stm32f10x_rcc.o(i.RCC_GetFlagStatus), (60 bytes).
    Removing stm32f10x_rcc.o(i.RCC_GetITStatus), (24 bytes).
    Removing stm32f10x_rcc.o(i.RCC_GetSYSCLKSource), (16 bytes).
    Removing stm32f10x_rcc.o(i.RCC_HCLKConfig), (24 bytes).
    Removing stm32f10x_rcc.o(i.RCC_HSEConfig), (76 bytes).
    Removing stm32f10x_rcc.o(i.RCC_HSICmd), (12 bytes).
    Removing stm32f10x_rcc.o(i.RCC_ITConfig), (32 bytes).
    Removing stm32f10x_rcc.o(i.RCC_LSEConfig), (52 bytes).
    Removing stm32f10x_rcc.o(i.RCC_LSICmd), (12 bytes).
    Removing stm32f10x_rcc.o(i.RCC_MCOConfig), (12 bytes).
    Removing stm32f10x_rcc.o(i.RCC_PCLK1Config), (24 bytes).
    Removing stm32f10x_rcc.o(i.RCC_PCLK2Config), (24 bytes).
    Removing stm32f10x_rcc.o(i.RCC_PLLCmd), (12 bytes).
    Removing stm32f10x_rcc.o(i.RCC_PLLConfig), (28 bytes).
    Removing stm32f10x_rcc.o(i.RCC_RTCCLKCmd), (12 bytes).
    Removing stm32f10x_rcc.o(i.RCC_RTCCLKConfig), (16 bytes).
    Removing stm32f10x_rcc.o(i.RCC_SYSCLKConfig), (24 bytes).
    Removing stm32f10x_rcc.o(i.RCC_USBCLKConfig), (12 bytes).
    Removing stm32f10x_rcc.o(i.RCC_WaitForHSEStartUp), (56 bytes).
    Removing stm32f10x_gpio.o(i.GPIO_AFIODeInit), (20 bytes).
    Removing stm32f10x_gpio.o(i.GPIO_DeInit), (200 bytes).
    Removing stm32f10x_gpio.o(i.GPIO_ETH_MediaInterfaceConfig), (12 bytes).
    Removing stm32f10x_gpio.o(i.GPIO_EXTILineConfig), (64 bytes).
    Removing stm32f10x_gpio.o(i.GPIO_EventOutputCmd), (12 bytes).
    Removing stm32f10x_gpio.o(i.GPIO_EventOutputConfig), (32 bytes).
    Removing stm32f10x_gpio.o(i.GPIO_PinLockConfig), (18 bytes).
    Removing stm32f10x_gpio.o(i.GPIO_PinRemapConfig), (144 bytes).
    Removing stm32f10x_gpio.o(i.GPIO_ReadInputData), (8 bytes).
    Removing stm32f10x_gpio.o(i.GPIO_ReadOutputData), (8 bytes).
    Removing stm32f10x_gpio.o(i.GPIO_ReadOutputDataBit), (18 bytes).
    Removing stm32f10x_gpio.o(i.GPIO_StructInit), (16 bytes).
    Removing stm32f10x_gpio.o(i.GPIO_Write), (4 bytes).
    Removing stm32f10x_gpio.o(i.GPIO_WriteBit), (10 bytes).
    Removing stm32f10x_spi.o(i.I2S_Cmd), (24 bytes).
    Removing stm32f10x_spi.o(i.I2S_Init), (232 bytes).
    Removing stm32f10x_spi.o(i.I2S_StructInit), (20 bytes).
    Removing stm32f10x_spi.o(i.SPI_BiDirectionalLineConfig), (28 bytes).
    Removing stm32f10x_spi.o(i.SPI_DataSizeConfig), (18 bytes).
    Removing stm32f10x_spi.o(i.SPI_GetCRC), (16 bytes).
    Removing stm32f10x_spi.o(i.SPI_GetCRCPolynomial), (6 bytes).
    Removing stm32f10x_spi.o(i.SPI_I2S_ClearFlag), (6 bytes).
    Removing stm32f10x_spi.o(i.SPI_I2S_ClearITPendingBit), (20 bytes).
    Removing stm32f10x_spi.o(i.SPI_I2S_DeInit), (88 bytes).
    Removing stm32f10x_spi.o(i.SPI_I2S_GetITStatus), (52 bytes).
    Removing stm32f10x_spi.o(i.SPI_I2S_ITConfig), (32 bytes).
    Removing stm32f10x_spi.o(i.SPI_NSSInternalSoftwareConfig), (30 bytes).
    Removing stm32f10x_spi.o(i.SPI_SSOutputCmd), (24 bytes).
    Removing stm32f10x_spi.o(i.SPI_StructInit), (24 bytes).
    Removing stm32f10x_spi.o(i.SPI_TransmitCRC), (10 bytes).
    Removing stm32f10x_tim.o(i.TI1_Config), (128 bytes).
    Removing stm32f10x_tim.o(i.TI2_Config), (152 bytes).
    Removing stm32f10x_tim.o(i.TI3_Config), (144 bytes).
    Removing stm32f10x_tim.o(i.TI4_Config), (152 bytes).
    Removing stm32f10x_tim.o(i.TIM_ARRPreloadConfig), (24 bytes).
    Removing stm32f10x_tim.o(i.TIM_BDTRConfig), (32 bytes).
    Removing stm32f10x_tim.o(i.TIM_BDTRStructInit), (18 bytes).
    Removing stm32f10x_tim.o(i.TIM_CCPreloadControl), (24 bytes).
    Removing stm32f10x_tim.o(i.TIM_CCxCmd), (30 bytes).
    Removing stm32f10x_tim.o(i.TIM_CCxNCmd), (30 bytes).
    Removing stm32f10x_tim.o(i.TIM_ClearFlag), (6 bytes).
    Removing stm32f10x_tim.o(i.TIM_ClearITPendingBit), (6 bytes).
    Removing stm32f10x_tim.o(i.TIM_ClearOC1Ref), (18 bytes).
    Removing stm32f10x_tim.o(i.TIM_ClearOC2Ref), (24 bytes).
    Removing stm32f10x_tim.o(i.TIM_ClearOC3Ref), (18 bytes).
    Removing stm32f10x_tim.o(i.TIM_ClearOC4Ref), (24 bytes).
    Removing stm32f10x_tim.o(i.TIM_CounterModeConfig), (18 bytes).
    Removing stm32f10x_tim.o(i.TIM_DMACmd), (18 bytes).
    Removing stm32f10x_tim.o(i.TIM_DMAConfig), (10 bytes).
    Removing stm32f10x_tim.o(i.TIM_ETRClockMode1Config), (54 bytes).
    Removing stm32f10x_tim.o(i.TIM_ETRClockMode2Config), (32 bytes).
    Removing stm32f10x_tim.o(i.TIM_ETRConfig), (28 bytes).
    Removing stm32f10x_tim.o(i.TIM_EncoderInterfaceConfig), (66 bytes).
    Removing stm32f10x_tim.o(i.TIM_ForcedOC1Config), (18 bytes).
    Removing stm32f10x_tim.o(i.TIM_ForcedOC2Config), (26 bytes).
    Removing stm32f10x_tim.o(i.TIM_ForcedOC3Config), (18 bytes).
    Removing stm32f10x_tim.o(i.TIM_ForcedOC4Config), (26 bytes).
    Removing stm32f10x_tim.o(i.TIM_GenerateEvent), (4 bytes).
    Removing stm32f10x_tim.o(i.TIM_GetCapture1), (6 bytes).
    Removing stm32f10x_tim.o(i.TIM_GetCapture2), (6 bytes).
    Removing stm32f10x_tim.o(i.TIM_GetCapture3), (6 bytes).
    Removing stm32f10x_tim.o(i.TIM_GetCapture4), (8 bytes).
    Removing stm32f10x_tim.o(i.TIM_GetCounter), (6 bytes).
    Removing stm32f10x_tim.o(i.TIM_GetFlagStatus), (18 bytes).
    Removing stm32f10x_tim.o(i.TIM_GetITStatus), (34 bytes).
    Removing stm32f10x_tim.o(i.TIM_GetPrescaler), (6 bytes).
    Removing stm32f10x_tim.o(i.TIM_ICInit), (172 bytes).
    Removing stm32f10x_tim.o(i.TIM_ICStructInit), (18 bytes).
    Removing stm32f10x_tim.o(i.TIM_ITRxExternalClockConfig), (24 bytes).
    Removing stm32f10x_tim.o(i.TIM_InternalClockConfig), (12 bytes).
    Removing stm32f10x_tim.o(i.TIM_OC1FastConfig), (18 bytes).
    Removing stm32f10x_tim.o(i.TIM_OC1NPolarityConfig), (18 bytes).
    Removing stm32f10x_tim.o(i.TIM_OC1PolarityConfig), (18 bytes).
    Removing stm32f10x_tim.o(i.TIM_OC1PreloadConfig), (18 bytes).
    Removing stm32f10x_tim.o(i.TIM_OC2FastConfig), (26 bytes).
    Removing stm32f10x_tim.o(i.TIM_OC2NPolarityConfig), (26 bytes).
    Removing stm32f10x_tim.o(i.TIM_OC2PolarityConfig), (26 bytes).
    Removing stm32f10x_tim.o(i.TIM_OC2PreloadConfig), (26 bytes).
    Removing stm32f10x_tim.o(i.TIM_OC3FastConfig), (18 bytes).
    Removing stm32f10x_tim.o(i.TIM_OC3Init), (160 bytes).
    Removing stm32f10x_tim.o(i.TIM_OC3NPolarityConfig), (26 bytes).
    Removing stm32f10x_tim.o(i.TIM_OC3PolarityConfig), (26 bytes).
    Removing stm32f10x_tim.o(i.TIM_OC3PreloadConfig), (18 bytes).
    Removing stm32f10x_tim.o(i.TIM_OC4FastConfig), (26 bytes).
    Removing stm32f10x_tim.o(i.TIM_OC4PolarityConfig), (26 bytes).
    Removing stm32f10x_tim.o(i.TIM_OC4PreloadConfig), (26 bytes).
    Removing stm32f10x_tim.o(i.TIM_OCStructInit), (20 bytes).
    Removing stm32f10x_tim.o(i.TIM_PWMIConfig), (124 bytes).
    Removing stm32f10x_tim.o(i.TIM_PrescalerConfig), (6 bytes).
    Removing stm32f10x_tim.o(i.TIM_SelectCCDMA), (24 bytes).
    Removing stm32f10x_tim.o(i.TIM_SelectCOM), (24 bytes).
    Removing stm32f10x_tim.o(i.TIM_SelectHallSensor), (24 bytes).
    Removing stm32f10x_tim.o(i.TIM_SelectOCxM), (82 bytes).
    Removing stm32f10x_tim.o(i.TIM_SelectOnePulseMode), (18 bytes).
    Removing stm32f10x_tim.o(i.TIM_SetAutoreload), (4 bytes).
    Removing stm32f10x_tim.o(i.TIM_SetClockDivision), (18 bytes).
    Removing stm32f10x_tim.o(i.TIM_SetCompare1), (4 bytes).
    Removing stm32f10x_tim.o(i.TIM_SetCompare2), (4 bytes).
    Removing stm32f10x_tim.o(i.TIM_SetCompare3), (4 bytes).
    Removing stm32f10x_tim.o(i.TIM_SetCompare4), (6 bytes).
    Removing stm32f10x_tim.o(i.TIM_SetCounter), (4 bytes).
    Removing stm32f10x_tim.o(i.TIM_SetIC1Prescaler), (18 bytes).
    Removing stm32f10x_tim.o(i.TIM_SetIC2Prescaler), (26 bytes).
    Removing stm32f10x_tim.o(i.TIM_SetIC3Prescaler), (18 bytes).
    Removing stm32f10x_tim.o(i.TIM_SetIC4Prescaler), (26 bytes).
    Removing stm32f10x_tim.o(i.TIM_TIxExternalClockConfig), (62 bytes).
    Removing stm32f10x_tim.o(i.TIM_TimeBaseStructInit), (18 bytes).
    Removing stm32f10x_tim.o(i.TIM_UpdateDisableConfig), (24 bytes).
    Removing stm32f10x_tim.o(i.TIM_UpdateRequestConfig), (24 bytes).
    Removing stm32f10x_dma.o(i.DMA_ClearFlag), (28 bytes).
    Removing stm32f10x_dma.o(i.DMA_ClearITPendingBit), (28 bytes).
    Removing stm32f10x_dma.o(i.DMA_Cmd), (24 bytes).
    Removing stm32f10x_dma.o(i.DMA_GetCurrDataCounter), (8 bytes).
    Removing stm32f10x_dma.o(i.DMA_GetFlagStatus), (44 bytes).
    Removing stm32f10x_dma.o(i.DMA_GetITStatus), (44 bytes).
    Removing stm32f10x_dma.o(i.DMA_SetCurrDataCounter), (4 bytes).
    Removing stm32f10x_dma.o(i.DMA_StructInit), (26 bytes).
    Removing stm32f10x_usart.o(i.USART_ClearFlag), (18 bytes).
    Removing stm32f10x_usart.o(i.USART_ClearITPendingBit), (30 bytes).
    Removing stm32f10x_usart.o(i.USART_ClockInit), (34 bytes).
    Removing stm32f10x_usart.o(i.USART_ClockStructInit), (12 bytes).
    Removing stm32f10x_usart.o(i.USART_DMACmd), (18 bytes).
    Removing stm32f10x_usart.o(i.USART_DeInit), (156 bytes).
    Removing stm32f10x_usart.o(i.USART_GetITStatus), (84 bytes).
    Removing stm32f10x_usart.o(i.USART_HalfDuplexCmd), (24 bytes).
    Removing stm32f10x_usart.o(i.USART_ITConfig), (74 bytes).
    Removing stm32f10x_usart.o(i.USART_IrDACmd), (24 bytes).
    Removing stm32f10x_usart.o(i.USART_IrDAConfig), (18 bytes).
    Removing stm32f10x_usart.o(i.USART_LINBreakDetectLengthConfig), (18 bytes).
    Removing stm32f10x_usart.o(i.USART_LINCmd), (24 bytes).
    Removing stm32f10x_usart.o(i.USART_OneBitMethodCmd), (24 bytes).
    Removing stm32f10x_usart.o(i.USART_OverSampling8Cmd), (22 bytes).
    Removing stm32f10x_usart.o(i.USART_ReceiveData), (10 bytes).
    Removing stm32f10x_usart.o(i.USART_ReceiverWakeUpCmd), (24 bytes).
    Removing stm32f10x_usart.o(i.USART_SendBreak), (10 bytes).
    Removing stm32f10x_usart.o(i.USART_SetAddress), (18 bytes).
    Removing stm32f10x_usart.o(i.USART_SetGuardTime), (16 bytes).
    Removing stm32f10x_usart.o(i.USART_SetPrescaler), (16 bytes).
    Removing stm32f10x_usart.o(i.USART_SmartCardCmd), (24 bytes).
    Removing stm32f10x_usart.o(i.USART_SmartCardNACKCmd), (24 bytes).
    Removing stm32f10x_usart.o(i.USART_StructInit), (24 bytes).
    Removing stm32f10x_usart.o(i.USART_WakeUpConfig), (18 bytes).
    Removing startup_stm32f10x_md.o(HEAP), (512 bytes).

177 unused section(s) (total 6263 bytes) removed from the image.

==============================================================================

Image Symbol Table

    Local Symbols

    Symbol Name                              Value     Ov Type        Size  Object(Section)

    ../clib/microlib/init/entry.s            0x00000000   Number         0  entry.o ABSOLUTE
    ../clib/microlib/init/entry.s            0x00000000   Number         0  entry11a.o ABSOLUTE
    ../clib/microlib/init/entry.s            0x00000000   Number         0  entry2.o ABSOLUTE
    ../clib/microlib/init/entry.s            0x00000000   Number         0  entry11b.o ABSOLUTE
    ../clib/microlib/init/entry.s            0x00000000   Number         0  entry9a.o ABSOLUTE
    ../clib/microlib/init/entry.s            0x00000000   Number         0  entry8b.o ABSOLUTE
    ../clib/microlib/init/entry.s            0x00000000   Number         0  entry10b.o ABSOLUTE
    ../clib/microlib/init/entry.s            0x00000000   Number         0  entry10a.o ABSOLUTE
    ../clib/microlib/init/entry.s            0x00000000   Number         0  entry9b.o ABSOLUTE
    ../clib/microlib/init/entry.s            0x00000000   Number         0  entry8a.o ABSOLUTE
    ../clib/microlib/init/entry.s            0x00000000   Number         0  entry7b.o ABSOLUTE
    ../clib/microlib/init/entry.s            0x00000000   Number         0  entry7a.o ABSOLUTE
    ../clib/microlib/init/entry.s            0x00000000   Number         0  entry5.o ABSOLUTE
    CMSIS\CM3\CoreSupport\core_cm3.c         0x00000000   Number         0  core_cm3.o ABSOLUTE
    CMSIS\CM3\DeviceSupport\ST\STM32F10x\system_stm32f10x.c 0x00000000   Number         0  system_stm32f10x.o ABSOLUTE
    CMSIS\\CM3\\CoreSupport\\core_cm3.c      0x00000000   Number         0  core_cm3.o ABSOLUTE
    Libraries\src\misc.c                     0x00000000   Number         0  misc.o ABSOLUTE
    Libraries\src\stm32f10x_dma.c            0x00000000   Number         0  stm32f10x_dma.o ABSOLUTE
    Libraries\src\stm32f10x_gpio.c           0x00000000   Number         0  stm32f10x_gpio.o ABSOLUTE
    Libraries\src\stm32f10x_rcc.c            0x00000000   Number         0  stm32f10x_rcc.o ABSOLUTE
    Libraries\src\stm32f10x_spi.c            0x00000000   Number         0  stm32f10x_spi.o ABSOLUTE
    Libraries\src\stm32f10x_tim.c            0x00000000   Number         0  stm32f10x_tim.o ABSOLUTE
    Libraries\src\stm32f10x_usart.c          0x00000000   Number         0  stm32f10x_usart.o ABSOLUTE
    Startup\startup_stm32f10x_md.s           0x00000000   Number         0  startup_stm32f10x_md.o ABSOLUTE
    USER\SD.c                                0x00000000   Number         0  sd.o ABSOLUTE
    USER\VGA.c                               0x00000000   Number         0  vga.o ABSOLUTE
    USER\delay.c                             0x00000000   Number         0  delay.o ABSOLUTE
    USER\fs.c                                0x00000000   Number         0  fs.o ABSOLUTE
    USER\main.c                              0x00000000   Number         0  main.o ABSOLUTE
    USER\player.c                            0x00000000   Number         0  player.o ABSOLUTE
    USER\serial.c                            0x00000000   Number         0  serial.o ABSOLUTE
    USER\stm32f10x_it.c                      0x00000000   Number         0  stm32f10x_it.o ABSOLUTE
    dc.s                                     0x00000000   Number         0  dc.o ABSOLUTE
    handlers.s                               0x00000000   Number         0  handlers.o ABSOLUTE
    init.s                                   0x00000000   Number         0  init.o ABSOLUTE
    RESET                                    0x08000000   Section      236  startup_stm32f10x_md.o(RESET)
    .ARM.Collect$$$$00000000                 0x080000ec   Section        0  entry.o(.ARM.Collect$$$$00000000)
    .ARM.Collect$$$$00000001                 0x080000ec   Section        4  entry2.o(.ARM.Collect$$$$00000001)
    .ARM.Collect$$$$00000004                 0x080000f0   Section        4  entry5.o(.ARM.Collect$$$$00000004)
    .ARM.Collect$$$$00000008                 0x080000f4   Section        0  entry7b.o(.ARM.Collect$$$$00000008)
    .ARM.Collect$$$$0000000A                 0x080000f4   Section        0  entry8b.o(.ARM.Collect$$$$0000000A)
    .ARM.Collect$$$$0000000B                 0x080000f4   Section        8  entry9a.o(.ARM.Collect$$$$0000000B)
    .ARM.Collect$$$$0000000D                 0x080000fc   Section        0  entry10a.o(.ARM.Collect$$$$0000000D)
    .ARM.Collect$$$$0000000F                 0x080000fc   Section        0  entry11a.o(.ARM.Collect$$$$0000000F)
    .ARM.Collect$$$$00002712                 0x080000fc   Section        4  entry2.o(.ARM.Collect$$$$00002712)
    __lit__00000000                          0x080000fc   Data           4  entry2.o(.ARM.Collect$$$$00002712)
    .text                                    0x08000100   Section       36  startup_stm32f10x_md.o(.text)
    .text                                    0x08000124   Section       36  init.o(.text)
    i.BusFault_Handler                       0x08000148   Section        0  stm32f10x_it.o(i.BusFault_Handler)
    i.DMA1_Channel3_IRQHandler               0x0800014c   Section        0  vga.o(i.DMA1_Channel3_IRQHandler)
    i.DMA_DeInit                             0x080001bc   Section        0  stm32f10x_dma.o(i.DMA_DeInit)
    i.DMA_ITConfig                           0x08000308   Section        0  stm32f10x_dma.o(i.DMA_ITConfig)
    i.DMA_Init                               0x0800031a   Section        0  stm32f10x_dma.o(i.DMA_Init)
    i.DebugMon_Handler                       0x08000356   Section        0  stm32f10x_it.o(i.DebugMon_Handler)
    i.Delay_ms                               0x08000358   Section        0  delay.o(i.Delay_ms)
    i.FS_FindBadAppleBin                     0x08000390   Section        0  fs.o(i.FS_FindBadAppleBin)
    i.FS_GetNextClust                        0x08000598   Section        0  fs.o(i.FS_GetNextClust)
    i.FS_Init                                0x08000608   Section        0  fs.o(i.FS_Init)
    i.GPIO_Init                              0x08000760   Section        0  stm32f10x_gpio.o(i.GPIO_Init)
    i.GPIO_ReadInputDataBit                  0x08000876   Section        0  stm32f10x_gpio.o(i.GPIO_ReadInputDataBit)
    i.GPIO_ResetBits                         0x08000888   Section        0  stm32f10x_gpio.o(i.GPIO_ResetBits)
    i.GPIO_SetBits                           0x0800088c   Section        0  stm32f10x_gpio.o(i.GPIO_SetBits)
    i.HardFault_Handler                      0x08000890   Section        0  stm32f10x_it.o(i.HardFault_Handler)
    i.MemManage_Handler                      0x08000894   Section        0  stm32f10x_it.o(i.MemManage_Handler)
    i.NMI_Handler                            0x08000898   Section        0  stm32f10x_it.o(i.NMI_Handler)
    i.NVIC_Init                              0x0800089c   Section        0  misc.o(i.NVIC_Init)
    i.PendSV_Handler                         0x0800090c   Section        0  stm32f10x_it.o(i.PendSV_Handler)
    i.Player_Play                            0x08000910   Section        0  player.o(i.Player_Play)
    i.RCC_AHBPeriphClockCmd                  0x08000a30   Section        0  stm32f10x_rcc.o(i.RCC_AHBPeriphClockCmd)
    i.RCC_APB1PeriphClockCmd                 0x08000a50   Section        0  stm32f10x_rcc.o(i.RCC_APB1PeriphClockCmd)
    i.RCC_APB1PeriphResetCmd                 0x08000a70   Section        0  stm32f10x_rcc.o(i.RCC_APB1PeriphResetCmd)
    i.RCC_APB2PeriphClockCmd                 0x08000a90   Section        0  stm32f10x_rcc.o(i.RCC_APB2PeriphClockCmd)
    i.RCC_APB2PeriphResetCmd                 0x08000ab0   Section        0  stm32f10x_rcc.o(i.RCC_APB2PeriphResetCmd)
    i.RCC_GetClocksFreq                      0x08000ad0   Section        0  stm32f10x_rcc.o(i.RCC_GetClocksFreq)
    i.SD_InitCard                            0x08000ba4   Section        0  sd.o(i.SD_InitCard)
    i.SD_InitSPI                             0x08000d24   Section        0  sd.o(i.SD_InitSPI)
    i.SD_RW                                  0x08000dbc   Section        0  sd.o(i.SD_RW)
    i.SD_SendData                            0x08000de4   Section        0  sd.o(i.SD_SendData)
    i.SD_SendNOP                             0x08000e3e   Section        0  sd.o(i.SD_SendNOP)
    i.SD_StartReadBlock                      0x08000e48   Section        0  sd.o(i.SD_StartReadBlock)
    i.SPI_CalculateCRC                       0x08000ea4   Section        0  stm32f10x_spi.o(i.SPI_CalculateCRC)
    i.SPI_Cmd                                0x08000ebc   Section        0  stm32f10x_spi.o(i.SPI_Cmd)
    i.SPI_I2S_DMACmd                         0x08000ed4   Section        0  stm32f10x_spi.o(i.SPI_I2S_DMACmd)
    i.SPI_I2S_GetFlagStatus                  0x08000ee6   Section        0  stm32f10x_spi.o(i.SPI_I2S_GetFlagStatus)
    i.SPI_I2S_ReceiveData                    0x08000ef8   Section        0  stm32f10x_spi.o(i.SPI_I2S_ReceiveData)
    i.SPI_I2S_SendData                       0x08000efe   Section        0  stm32f10x_spi.o(i.SPI_I2S_SendData)
    i.SPI_Init                               0x08000f02   Section        0  stm32f10x_spi.o(i.SPI_Init)
    i.SVC_Handler                            0x08000f3e   Section        0  stm32f10x_it.o(i.SVC_Handler)
    i.Serial_Init                            0x08000f40   Section        0  serial.o(i.Serial_Init)
    i.Serial_Send                            0x08000f98   Section        0  serial.o(i.Serial_Send)
    i.SetSysClock                            0x08000fb8   Section        0  system_stm32f10x.o(i.SetSysClock)
    SetSysClock                              0x08000fb9   Thumb Code     8  system_stm32f10x.o(i.SetSysClock)
    i.SetSysClockTo72                        0x08000fc0   Section        0  system_stm32f10x.o(i.SetSysClockTo72)
    SetSysClockTo72                          0x08000fc1   Thumb Code   214  system_stm32f10x.o(i.SetSysClockTo72)
    i.SysTick_Handler                        0x080010a0   Section        0  stm32f10x_it.o(i.SysTick_Handler)
    i.SystemInit                             0x080010a4   Section        0  system_stm32f10x.o(i.SystemInit)
    i.TIM1_CC_IRQHandler                     0x08001104   Section        0  vga.o(i.TIM1_CC_IRQHandler)
    i.TIM2_IRQHandler                        0x08001128   Section        0  vga.o(i.TIM2_IRQHandler)
    i.TIM_Cmd                                0x08001140   Section        0  stm32f10x_tim.o(i.TIM_Cmd)
    i.TIM_CtrlPWMOutputs                     0x08001158   Section        0  stm32f10x_tim.o(i.TIM_CtrlPWMOutputs)
    i.TIM_DeInit                             0x08001178   Section        0  stm32f10x_tim.o(i.TIM_DeInit)
    i.TIM_ITConfig                           0x08001360   Section        0  stm32f10x_tim.o(i.TIM_ITConfig)
    i.TIM_OC1Init                            0x08001374   Section        0  stm32f10x_tim.o(i.TIM_OC1Init)
    i.TIM_OC2Init                            0x0800140c   Section        0  stm32f10x_tim.o(i.TIM_OC2Init)
    i.TIM_OC4Init                            0x080014b0   Section        0  stm32f10x_tim.o(i.TIM_OC4Init)
    i.TIM_SelectInputTrigger                 0x0800152c   Section        0  stm32f10x_tim.o(i.TIM_SelectInputTrigger)
    i.TIM_SelectMasterSlaveMode              0x0800153e   Section        0  stm32f10x_tim.o(i.TIM_SelectMasterSlaveMode)
    i.TIM_SelectOutputTrigger                0x08001550   Section        0  stm32f10x_tim.o(i.TIM_SelectOutputTrigger)
    i.TIM_SelectSlaveMode                    0x08001562   Section        0  stm32f10x_tim.o(i.TIM_SelectSlaveMode)
    i.TIM_TimeBaseInit                       0x08001574   Section        0  stm32f10x_tim.o(i.TIM_TimeBaseInit)
    i.USART_Cmd                              0x08001618   Section        0  stm32f10x_usart.o(i.USART_Cmd)
    i.USART_GetFlagStatus                    0x08001630   Section        0  stm32f10x_usart.o(i.USART_GetFlagStatus)
    i.USART_Init                             0x0800164c   Section        0  stm32f10x_usart.o(i.USART_Init)
    i.USART_SendData                         0x08001724   Section        0  stm32f10x_usart.o(i.USART_SendData)
    i.UsageFault_Handler                     0x0800172c   Section        0  stm32f10x_it.o(i.UsageFault_Handler)
    i.VGA_ClearScreen                        0x08001730   Section        0  vga.o(i.VGA_ClearScreen)
    i.VGA_Init                               0x08001764   Section        0  vga.o(i.VGA_Init)
    i.VGA_InitSPI                            0x08001774   Section        0  vga.o(i.VGA_InitSPI)
    i.VGA_InitTIM                            0x08001860   Section        0  vga.o(i.VGA_InitTIM)
    i.VGA_SetBuf                             0x080019c0   Section        0  vga.o(i.VGA_SetBuf)
    i.__scatterload_copy                     0x080019d8   Section       14  handlers.o(i.__scatterload_copy)
    i.__scatterload_null                     0x080019e6   Section        2  handlers.o(i.__scatterload_null)
    i.__scatterload_zeroinit                 0x080019e8   Section       14  handlers.o(i.__scatterload_zeroinit)
    i.main                                   0x080019f8   Section        0  main.o(i.main)
    .data                                    0x20000000   Section       24  fs.o(.data)
    .data                                    0x20000018   Section        1  sd.o(.data)
    .data                                    0x2000001a   Section        4  vga.o(.data)
    vline                                    0x2000001a   Data           2  vga.o(.data)
    vflag                                    0x2000001c   Data           1  vga.o(.data)
    vdraw                                    0x2000001d   Data           1  vga.o(.data)
    .data                                    0x2000001e   Section       20  stm32f10x_rcc.o(.data)
    APBAHBPrescTable                         0x2000001e   Data          16  stm32f10x_rcc.o(.data)
    ADCPrescTable                            0x2000002e   Data           4  stm32f10x_rcc.o(.data)
    .bss                                     0x20000034   Section    10400  vga.o(.bss)
    STACK                                    0x200028d8   Section     1024  startup_stm32f10x_md.o(STACK)

    Global Symbols

    Symbol Name                              Value     Ov Type        Size  Object(Section)

    BuildAttributes$$THM_ISAv4$P$D$K$B$S$PE$A:L22UL41UL21$X:L11$S22US41US21$IEEE1$IW$USESV6$~STKCKD$USESV7$~SHL$OSPACE$EBA8$MICROLIB$REQ8$PRES8$EABIv2 0x00000000   Number         0  anon$$obj.o ABSOLUTE
    __ARM_use_no_argv                        0x00000000   Number         0  main.o ABSOLUTE
    __cpp_initialize__aeabi_                  - Undefined Weak Reference
    __cxa_finalize                            - Undefined Weak Reference
    __decompress                              - Undefined Weak Reference
    _clock_init                               - Undefined Weak Reference
    _microlib_exit                            - Undefined Weak Reference
    __Vectors_Size                           0x000000ec   Number         0  startup_stm32f10x_md.o ABSOLUTE
    __Vectors                                0x08000000   Data           4  startup_stm32f10x_md.o(RESET)
    __Vectors_End                            0x080000ec   Data           0  startup_stm32f10x_md.o(RESET)
    __main                                   0x080000ed   Thumb Code     0  entry.o(.ARM.Collect$$$$00000000)
    _main_stk                                0x080000ed   Thumb Code     0  entry2.o(.ARM.Collect$$$$00000001)
    _main_scatterload                        0x080000f1   Thumb Code     0  entry5.o(.ARM.Collect$$$$00000004)
    __main_after_scatterload                 0x080000f5   Thumb Code     0  entry5.o(.ARM.Collect$$$$00000004)
    _main_clock                              0x080000f5   Thumb Code     0  entry7b.o(.ARM.Collect$$$$00000008)
    _main_cpp_init                           0x080000f5   Thumb Code     0  entry8b.o(.ARM.Collect$$$$0000000A)
    _main_init                               0x080000f5   Thumb Code     0  entry9a.o(.ARM.Collect$$$$0000000B)
    __rt_final_cpp                           0x080000fd   Thumb Code     0  entry10a.o(.ARM.Collect$$$$0000000D)
    __rt_final_exit                          0x080000fd   Thumb Code     0  entry11a.o(.ARM.Collect$$$$0000000F)
    Reset_Handler                            0x08000101   Thumb Code     8  startup_stm32f10x_md.o(.text)
    ADC1_2_IRQHandler                        0x0800011b   Thumb Code     0  startup_stm32f10x_md.o(.text)
    CAN1_RX1_IRQHandler                      0x0800011b   Thumb Code     0  startup_stm32f10x_md.o(.text)
    CAN1_SCE_IRQHandler                      0x0800011b   Thumb Code     0  startup_stm32f10x_md.o(.text)
    DMA1_Channel1_IRQHandler                 0x0800011b   Thumb Code     0  startup_stm32f10x_md.o(.text)
    DMA1_Channel2_IRQHandler                 0x0800011b   Thumb Code     0  startup_stm32f10x_md.o(.text)
    DMA1_Channel4_IRQHandler                 0x0800011b   Thumb Code     0  startup_stm32f10x_md.o(.text)
    DMA1_Channel5_IRQHandler                 0x0800011b   Thumb Code     0  startup_stm32f10x_md.o(.text)
    DMA1_Channel6_IRQHandler                 0x0800011b   Thumb Code     0  startup_stm32f10x_md.o(.text)
    DMA1_Channel7_IRQHandler                 0x0800011b   Thumb Code     0  startup_stm32f10x_md.o(.text)
    EXTI0_IRQHandler                         0x0800011b   Thumb Code     0  startup_stm32f10x_md.o(.text)
    EXTI15_10_IRQHandler                     0x0800011b   Thumb Code     0  startup_stm32f10x_md.o(.text)
    EXTI1_IRQHandler                         0x0800011b   Thumb Code     0  startup_stm32f10x_md.o(.text)
    EXTI2_IRQHandler                         0x0800011b   Thumb Code     0  startup_stm32f10x_md.o(.text)
    EXTI3_IRQHandler                         0x0800011b   Thumb Code     0  startup_stm32f10x_md.o(.text)
    EXTI4_IRQHandler                         0x0800011b   Thumb Code     0  startup_stm32f10x_md.o(.text)
    EXTI9_5_IRQHandler                       0x0800011b   Thumb Code     0  startup_stm32f10x_md.o(.text)
    FLASH_IRQHandler                         0x0800011b   Thumb Code     0  startup_stm32f10x_md.o(.text)
    I2C1_ER_IRQHandler                       0x0800011b   Thumb Code     0  startup_stm32f10x_md.o(.text)
    I2C1_EV_IRQHandler                       0x0800011b   Thumb Code     0  startup_stm32f10x_md.o(.text)
    I2C2_ER_IRQHandler                       0x0800011b   Thumb Code     0  startup_stm32f10x_md.o(.text)
    I2C2_EV_IRQHandler                       0x0800011b   Thumb Code     0  startup_stm32f10x_md.o(.text)
    PVD_IRQHandler                           0x0800011b   Thumb Code     0  startup_stm32f10x_md.o(.text)
    RCC_IRQHandler                           0x0800011b   Thumb Code     0  startup_stm32f10x_md.o(.text)
    RTCAlarm_IRQHandler                      0x0800011b   Thumb Code     0  startup_stm32f10x_md.o(.text)
    RTC_IRQHandler                           0x0800011b   Thumb Code     0  startup_stm32f10x_md.o(.text)
    SPI1_IRQHandler                          0x0800011b   Thumb Code     0  startup_stm32f10x_md.o(.text)
    SPI2_IRQHandler                          0x0800011b   Thumb Code     0  startup_stm32f10x_md.o(.text)
    TAMPER_IRQHandler                        0x0800011b   Thumb Code     0  startup_stm32f10x_md.o(.text)
    TIM1_BRK_IRQHandler                      0x0800011b   Thumb Code     0  startup_stm32f10x_md.o(.text)
    TIM1_TRG_COM_IRQHandler                  0x0800011b   Thumb Code     0  startup_stm32f10x_md.o(.text)
    TIM1_UP_IRQHandler                       0x0800011b   Thumb Code     0  startup_stm32f10x_md.o(.text)
    TIM3_IRQHandler                          0x0800011b   Thumb Code     0  startup_stm32f10x_md.o(.text)
    TIM4_IRQHandler                          0x0800011b   Thumb Code     0  startup_stm32f10x_md.o(.text)
    USART1_IRQHandler                        0x0800011b   Thumb Code     0  startup_stm32f10x_md.o(.text)
    USART2_IRQHandler                        0x0800011b   Thumb Code     0  startup_stm32f10x_md.o(.text)
    USART3_IRQHandler                        0x0800011b   Thumb Code     0  startup_stm32f10x_md.o(.text)
    USBWakeUp_IRQHandler                     0x0800011b   Thumb Code     0  startup_stm32f10x_md.o(.text)
    USB_HP_CAN1_TX_IRQHandler                0x0800011b   Thumb Code     0  startup_stm32f10x_md.o(.text)
    USB_LP_CAN1_RX0_IRQHandler               0x0800011b   Thumb Code     0  startup_stm32f10x_md.o(.text)
    WWDG_IRQHandler                          0x0800011b   Thumb Code     0  startup_stm32f10x_md.o(.text)
    __scatterload                            0x08000125   Thumb Code    28  init.o(.text)
    __scatterload_rt2                        0x08000125   Thumb Code     0  init.o(.text)
    BusFault_Handler                         0x08000149   Thumb Code     4  stm32f10x_it.o(i.BusFault_Handler)
    DMA1_Channel3_IRQHandler                 0x0800014d   Thumb Code    90  vga.o(i.DMA1_Channel3_IRQHandler)
    DMA_DeInit                               0x080001bd   Thumb Code   324  stm32f10x_dma.o(i.DMA_DeInit)
    DMA_ITConfig                             0x08000309   Thumb Code    18  stm32f10x_dma.o(i.DMA_ITConfig)
    DMA_Init                                 0x0800031b   Thumb Code    60  stm32f10x_dma.o(i.DMA_Init)
    DebugMon_Handler                         0x08000357   Thumb Code     2  stm32f10x_it.o(i.DebugMon_Handler)
    Delay_ms                                 0x08000359   Thumb Code    56  delay.o(i.Delay_ms)
    FS_FindBadAppleBin                       0x08000391   Thumb Code   488  fs.o(i.FS_FindBadAppleBin)
    FS_GetNextClust                          0x08000599   Thumb Code   106  fs.o(i.FS_GetNextClust)
    FS_Init                                  0x08000609   Thumb Code   324  fs.o(i.FS_Init)
    GPIO_Init                                0x08000761   Thumb Code   278  stm32f10x_gpio.o(i.GPIO_Init)
    GPIO_ReadInputDataBit                    0x08000877   Thumb Code    18  stm32f10x_gpio.o(i.GPIO_ReadInputDataBit)
    GPIO_ResetBits                           0x08000889   Thumb Code     4  stm32f10x_gpio.o(i.GPIO_ResetBits)
    GPIO_SetBits                             0x0800088d   Thumb Code     4  stm32f10x_gpio.o(i.GPIO_SetBits)
    HardFault_Handler                        0x08000891   Thumb Code     4  stm32f10x_it.o(i.HardFault_Handler)
    MemManage_Handler                        0x08000895   Thumb Code     4  stm32f10x_it.o(i.MemManage_Handler)
    NMI_Handler                              0x08000899   Thumb Code     2  stm32f10x_it.o(i.NMI_Handler)
    NVIC_Init                                0x0800089d   Thumb Code   100  misc.o(i.NVIC_Init)
    PendSV_Handler                           0x0800090d   Thumb Code     2  stm32f10x_it.o(i.PendSV_Handler)
    Player_Play                              0x08000911   Thumb Code   262  player.o(i.Player_Play)
    RCC_AHBPeriphClockCmd                    0x08000a31   Thumb Code    26  stm32f10x_rcc.o(i.RCC_AHBPeriphClockCmd)
    RCC_APB1PeriphClockCmd                   0x08000a51   Thumb Code    26  stm32f10x_rcc.o(i.RCC_APB1PeriphClockCmd)
    RCC_APB1PeriphResetCmd                   0x08000a71   Thumb Code    26  stm32f10x_rcc.o(i.RCC_APB1PeriphResetCmd)
    RCC_APB2PeriphClockCmd                   0x08000a91   Thumb Code    26  stm32f10x_rcc.o(i.RCC_APB2PeriphClockCmd)
    RCC_APB2PeriphResetCmd                   0x08000ab1   Thumb Code    26  stm32f10x_rcc.o(i.RCC_APB2PeriphResetCmd)
    RCC_GetClocksFreq                        0x08000ad1   Thumb Code   192  stm32f10x_rcc.o(i.RCC_GetClocksFreq)
    SD_InitCard                              0x08000ba5   Thumb Code   372  sd.o(i.SD_InitCard)
    SD_InitSPI                               0x08000d25   Thumb Code   144  sd.o(i.SD_InitSPI)
    SD_RW                                    0x08000dbd   Thumb Code    36  sd.o(i.SD_RW)
    SD_SendData                              0x08000de5   Thumb Code    90  sd.o(i.SD_SendData)
    SD_SendNOP                               0x08000e3f   Thumb Code    10  sd.o(i.SD_SendNOP)
    SD_StartReadBlock                        0x08000e49   Thumb Code    86  sd.o(i.SD_StartReadBlock)
    SPI_CalculateCRC                         0x08000ea5   Thumb Code    24  stm32f10x_spi.o(i.SPI_CalculateCRC)
    SPI_Cmd                                  0x08000ebd   Thumb Code    24  stm32f10x_spi.o(i.SPI_Cmd)
    SPI_I2S_DMACmd                           0x08000ed5   Thumb Code    18  stm32f10x_spi.o(i.SPI_I2S_DMACmd)
    SPI_I2S_GetFlagStatus                    0x08000ee7   Thumb Code    18  stm32f10x_spi.o(i.SPI_I2S_GetFlagStatus)
    SPI_I2S_ReceiveData                      0x08000ef9   Thumb Code     6  stm32f10x_spi.o(i.SPI_I2S_ReceiveData)
    SPI_I2S_SendData                         0x08000eff   Thumb Code     4  stm32f10x_spi.o(i.SPI_I2S_SendData)
    SPI_Init                                 0x08000f03   Thumb Code    60  stm32f10x_spi.o(i.SPI_Init)
    SVC_Handler                              0x08000f3f   Thumb Code     2  stm32f10x_it.o(i.SVC_Handler)
    Serial_Init                              0x08000f41   Thumb Code    80  serial.o(i.Serial_Init)
    Serial_Send                              0x08000f99   Thumb Code    28  serial.o(i.Serial_Send)
    SysTick_Handler                          0x080010a1   Thumb Code     2  stm32f10x_it.o(i.SysTick_Handler)
    SystemInit                               0x080010a5   Thumb Code    78  system_stm32f10x.o(i.SystemInit)
    TIM1_CC_IRQHandler                       0x08001105   Thumb Code    22  vga.o(i.TIM1_CC_IRQHandler)
    TIM2_IRQHandler                          0x08001129   Thumb Code    18  vga.o(i.TIM2_IRQHandler)
    TIM_Cmd                                  0x08001141   Thumb Code    24  stm32f10x_tim.o(i.TIM_Cmd)
    TIM_CtrlPWMOutputs                       0x08001159   Thumb Code    30  stm32f10x_tim.o(i.TIM_CtrlPWMOutputs)
    TIM_DeInit                               0x08001179   Thumb Code   424  stm32f10x_tim.o(i.TIM_DeInit)
    TIM_ITConfig                             0x08001361   Thumb Code    18  stm32f10x_tim.o(i.TIM_ITConfig)
    TIM_OC1Init                              0x08001375   Thumb Code   132  stm32f10x_tim.o(i.TIM_OC1Init)
    TIM_OC2Init                              0x0800140d   Thumb Code   154  stm32f10x_tim.o(i.TIM_OC2Init)
    TIM_OC4Init                              0x080014b1   Thumb Code   114  stm32f10x_tim.o(i.TIM_OC4Init)
    TIM_SelectInputTrigger                   0x0800152d   Thumb Code    18  stm32f10x_tim.o(i.TIM_SelectInputTrigger)
    TIM_SelectMasterSlaveMode                0x0800153f   Thumb Code    18  stm32f10x_tim.o(i.TIM_SelectMasterSlaveMode)
    TIM_SelectOutputTrigger                  0x08001551   Thumb Code    18  stm32f10x_tim.o(i.TIM_SelectOutputTrigger)
    TIM_SelectSlaveMode                      0x08001563   Thumb Code    18  stm32f10x_tim.o(i.TIM_SelectSlaveMode)
    TIM_TimeBaseInit                         0x08001575   Thumb Code   122  stm32f10x_tim.o(i.TIM_TimeBaseInit)
    USART_Cmd                                0x08001619   Thumb Code    24  stm32f10x_usart.o(i.USART_Cmd)
    USART_GetFlagStatus                      0x08001631   Thumb Code    26  stm32f10x_usart.o(i.USART_GetFlagStatus)
    USART_Init                               0x0800164d   Thumb Code   210  stm32f10x_usart.o(i.USART_Init)
    USART_SendData                           0x08001725   Thumb Code     8  stm32f10x_usart.o(i.USART_SendData)
    UsageFault_Handler                       0x0800172d   Thumb Code     4  stm32f10x_it.o(i.UsageFault_Handler)
    VGA_ClearScreen                          0x08001731   Thumb Code    46  vga.o(i.VGA_ClearScreen)
    VGA_Init                                 0x08001765   Thumb Code    16  vga.o(i.VGA_Init)
    VGA_InitSPI                              0x08001775   Thumb Code   222  vga.o(i.VGA_InitSPI)
    VGA_InitTIM                              0x08001861   Thumb Code   346  vga.o(i.VGA_InitTIM)
    VGA_SetBuf                               0x080019c1   Thumb Code    20  vga.o(i.VGA_SetBuf)
    __scatterload_copy                       0x080019d9   Thumb Code    14  handlers.o(i.__scatterload_copy)
    __scatterload_null                       0x080019e7   Thumb Code     2  handlers.o(i.__scatterload_null)
    __scatterload_zeroinit                   0x080019e9   Thumb Code    14  handlers.o(i.__scatterload_zeroinit)
    main                                     0x080019f9   Thumb Code   266  main.o(i.main)
    Region$$Table$$Base                      0x08001b08   Number         0  anon$$obj.o(Region$$Table)
    Region$$Table$$Limit                     0x08001b28   Number         0  anon$$obj.o(Region$$Table)
    FS_PatternSector                         0x20000000   Data           4  fs.o(.data)
    FS_SectorPerClust                        0x20000004   Data           1  fs.o(.data)
    FS_PersistSector                         0x20000006   Data           2  fs.o(.data)
    FS_FatUseSector                          0x20000008   Data           4  fs.o(.data)
    FS_FatSector                             0x2000000c   Data           4  fs.o(.data)
    FILE_BadApple_StartClust                 0x20000010   Data           4  fs.o(.data)
    FILE_BadApple_Length                     0x20000014   Data           4  fs.o(.data)
    SD_Info                                  0x20000018   Data           1  sd.o(.data)
    fb1                                      0x20000034   Data       10400  vga.o(.bss)
    __initial_sp                             0x20002cd8   Data           0  startup_stm32f10x_md.o(STACK)



==============================================================================

Memory Map of the image

  Image Entry point : 0x080000ed

  Load Region LR_IROM1 (Base: 0x08000000, Size: 0x00001b5c, Max: 0x00010000, ABSOLUTE)

    Execution Region ER_IROM1 (Exec base: 0x08000000, Load base: 0x08000000, Size: 0x00001b28, Max: 0x00010000, ABSOLUTE)

    Exec Addr    Load Addr    Size         Type   Attr      Idx    E Section Name        Object

    0x08000000   0x08000000   0x000000ec   Data   RO         1712    RESET               startup_stm32f10x_md.o
    0x080000ec   0x080000ec   0x00000000   Code   RO         1717  * .ARM.Collect$$$$00000000  mc_w.l(entry.o)
    0x080000ec   0x080000ec   0x00000004   Code   RO         1720    .ARM.Collect$$$$00000001  mc_w.l(entry2.o)
    0x080000f0   0x080000f0   0x00000004   Code   RO         1723    .ARM.Collect$$$$00000004  mc_w.l(entry5.o)
    0x080000f4   0x080000f4   0x00000000   Code   RO         1725    .ARM.Collect$$$$00000008  mc_w.l(entry7b.o)
    0x080000f4   0x080000f4   0x00000000   Code   RO         1727    .ARM.Collect$$$$0000000A  mc_w.l(entry8b.o)
    0x080000f4   0x080000f4   0x00000008   Code   RO         1728    .ARM.Collect$$$$0000000B  mc_w.l(entry9a.o)
    0x080000fc   0x080000fc   0x00000000   Code   RO         1730    .ARM.Collect$$$$0000000D  mc_w.l(entry10a.o)
    0x080000fc   0x080000fc   0x00000000   Code   RO         1732    .ARM.Collect$$$$0000000F  mc_w.l(entry11a.o)
    0x080000fc   0x080000fc   0x00000004   Code   RO         1721    .ARM.Collect$$$$00002712  mc_w.l(entry2.o)
    0x08000100   0x08000100   0x00000024   Code   RO         1713    .text               startup_stm32f10x_md.o
    0x08000124   0x08000124   0x00000024   Code   RO         1734    .text               mc_w.l(init.o)
    0x08000148   0x08000148   0x00000004   Code   RO          110    i.BusFault_Handler  stm32f10x_it.o
    0x0800014c   0x0800014c   0x00000070   Code   RO          260    i.DMA1_Channel3_IRQHandler  vga.o
    0x080001bc   0x080001bc   0x0000014c   Code   RO         1461    i.DMA_DeInit        stm32f10x_dma.o
    0x08000308   0x08000308   0x00000012   Code   RO         1465    i.DMA_ITConfig      stm32f10x_dma.o
    0x0800031a   0x0800031a   0x0000003c   Code   RO         1466    i.DMA_Init          stm32f10x_dma.o
    0x08000356   0x08000356   0x00000002   Code   RO          111    i.DebugMon_Handler  stm32f10x_it.o
    0x08000358   0x08000358   0x00000038   Code   RO          173    i.Delay_ms          delay.o
    0x08000390   0x08000390   0x00000208   Code   RO          185    i.FS_FindBadAppleBin  fs.o
    0x08000598   0x08000598   0x00000070   Code   RO          186    i.FS_GetNextClust   fs.o
    0x08000608   0x08000608   0x00000158   Code   RO          187    i.FS_Init           fs.o
    0x08000760   0x08000760   0x00000116   Code   RO          658    i.GPIO_Init         stm32f10x_gpio.o
    0x08000876   0x08000876   0x00000012   Code   RO          662    i.GPIO_ReadInputDataBit  stm32f10x_gpio.o
    0x08000888   0x08000888   0x00000004   Code   RO          665    i.GPIO_ResetBits    stm32f10x_gpio.o
    0x0800088c   0x0800088c   0x00000004   Code   RO          666    i.GPIO_SetBits      stm32f10x_gpio.o
    0x08000890   0x08000890   0x00000004   Code   RO          112    i.HardFault_Handler  stm32f10x_it.o
    0x08000894   0x08000894   0x00000004   Code   RO          113    i.MemManage_Handler  stm32f10x_it.o
    0x08000898   0x08000898   0x00000002   Code   RO          114    i.NMI_Handler       stm32f10x_it.o
    0x0800089a   0x0800089a   0x00000002   PAD
    0x0800089c   0x0800089c   0x00000070   Code   RO          416    i.NVIC_Init         misc.o
    0x0800090c   0x0800090c   0x00000002   Code   RO          115    i.PendSV_Handler    stm32f10x_it.o
    0x0800090e   0x0800090e   0x00000002   PAD
    0x08000910   0x08000910   0x00000120   Code   RO          318    i.Player_Play       player.o
    0x08000a30   0x08000a30   0x00000020   Code   RO          453    i.RCC_AHBPeriphClockCmd  stm32f10x_rcc.o
    0x08000a50   0x08000a50   0x00000020   Code   RO          454    i.RCC_APB1PeriphClockCmd  stm32f10x_rcc.o
    0x08000a70   0x08000a70   0x00000020   Code   RO          455    i.RCC_APB1PeriphResetCmd  stm32f10x_rcc.o
    0x08000a90   0x08000a90   0x00000020   Code   RO          456    i.RCC_APB2PeriphClockCmd  stm32f10x_rcc.o
    0x08000ab0   0x08000ab0   0x00000020   Code   RO          457    i.RCC_APB2PeriphResetCmd  stm32f10x_rcc.o
    0x08000ad0   0x08000ad0   0x000000d4   Code   RO          464    i.RCC_GetClocksFreq  stm32f10x_rcc.o
    0x08000ba4   0x08000ba4   0x00000180   Code   RO          212    i.SD_InitCard       sd.o
    0x08000d24   0x08000d24   0x00000098   Code   RO          213    i.SD_InitSPI        sd.o
    0x08000dbc   0x08000dbc   0x00000028   Code   RO          214    i.SD_RW             sd.o
    0x08000de4   0x08000de4   0x0000005a   Code   RO          215    i.SD_SendData       sd.o
    0x08000e3e   0x08000e3e   0x0000000a   Code   RO          216    i.SD_SendNOP        sd.o
    0x08000e48   0x08000e48   0x0000005c   Code   RO          217    i.SD_StartReadBlock  sd.o
    0x08000ea4   0x08000ea4   0x00000018   Code   RO          770    i.SPI_CalculateCRC  stm32f10x_spi.o
    0x08000ebc   0x08000ebc   0x00000018   Code   RO          771    i.SPI_Cmd           stm32f10x_spi.o
    0x08000ed4   0x08000ed4   0x00000012   Code   RO          777    i.SPI_I2S_DMACmd    stm32f10x_spi.o
    0x08000ee6   0x08000ee6   0x00000012   Code   RO          779    i.SPI_I2S_GetFlagStatus  stm32f10x_spi.o
    0x08000ef8   0x08000ef8   0x00000006   Code   RO          782    i.SPI_I2S_ReceiveData  stm32f10x_spi.o
    0x08000efe   0x08000efe   0x00000004   Code   RO          783    i.SPI_I2S_SendData  stm32f10x_spi.o
    0x08000f02   0x08000f02   0x0000003c   Code   RO          784    i.SPI_Init          stm32f10x_spi.o
    0x08000f3e   0x08000f3e   0x00000002   Code   RO          116    i.SVC_Handler       stm32f10x_it.o
    0x08000f40   0x08000f40   0x00000058   Code   RO          334    i.Serial_Init       serial.o
    0x08000f98   0x08000f98   0x00000020   Code   RO          335    i.Serial_Send       serial.o
    0x08000fb8   0x08000fb8   0x00000008   Code   RO          363    i.SetSysClock       system_stm32f10x.o
    0x08000fc0   0x08000fc0   0x000000e0   Code   RO          364    i.SetSysClockTo72   system_stm32f10x.o
    0x080010a0   0x080010a0   0x00000002   Code   RO          117    i.SysTick_Handler   stm32f10x_it.o
    0x080010a2   0x080010a2   0x00000002   PAD
    0x080010a4   0x080010a4   0x00000060   Code   RO          366    i.SystemInit        system_stm32f10x.o
    0x08001104   0x08001104   0x00000024   Code   RO          261    i.TIM1_CC_IRQHandler  vga.o
    0x08001128   0x08001128   0x00000018   Code   RO          262    i.TIM2_IRQHandler   vga.o
    0x08001140   0x08001140   0x00000018   Code   RO          926    i.TIM_Cmd           stm32f10x_tim.o
    0x08001158   0x08001158   0x0000001e   Code   RO          928    i.TIM_CtrlPWMOutputs  stm32f10x_tim.o
    0x08001176   0x08001176   0x00000002   PAD
    0x08001178   0x08001178   0x000001e8   Code   RO          931    i.TIM_DeInit        stm32f10x_tim.o
    0x08001360   0x08001360   0x00000012   Code   RO          951    i.TIM_ITConfig      stm32f10x_tim.o
    0x08001372   0x08001372   0x00000002   PAD
    0x08001374   0x08001374   0x00000098   Code   RO          955    i.TIM_OC1Init       stm32f10x_tim.o
    0x0800140c   0x0800140c   0x000000a4   Code   RO          960    i.TIM_OC2Init       stm32f10x_tim.o
    0x080014b0   0x080014b0   0x0000007c   Code   RO          970    i.TIM_OC4Init       stm32f10x_tim.o
    0x0800152c   0x0800152c   0x00000012   Code   RO          979    i.TIM_SelectInputTrigger  stm32f10x_tim.o
    0x0800153e   0x0800153e   0x00000012   Code   RO          980    i.TIM_SelectMasterSlaveMode  stm32f10x_tim.o
    0x08001550   0x08001550   0x00000012   Code   RO          983    i.TIM_SelectOutputTrigger  stm32f10x_tim.o
    0x08001562   0x08001562   0x00000012   Code   RO          984    i.TIM_SelectSlaveMode  stm32f10x_tim.o
    0x08001574   0x08001574   0x000000a4   Code   RO          997    i.TIM_TimeBaseInit  stm32f10x_tim.o
    0x08001618   0x08001618   0x00000018   Code   RO         1534    i.USART_Cmd         stm32f10x_usart.o
    0x08001630   0x08001630   0x0000001a   Code   RO         1537    i.USART_GetFlagStatus  stm32f10x_usart.o
    0x0800164a   0x0800164a   0x00000002   PAD
    0x0800164c   0x0800164c   0x000000d8   Code   RO         1541    i.USART_Init        stm32f10x_usart.o
    0x08001724   0x08001724   0x00000008   Code   RO         1551    i.USART_SendData    stm32f10x_usart.o
    0x0800172c   0x0800172c   0x00000004   Code   RO          118    i.UsageFault_Handler  stm32f10x_it.o
    0x08001730   0x08001730   0x00000034   Code   RO          263    i.VGA_ClearScreen   vga.o
    0x08001764   0x08001764   0x00000010   Code   RO          264    i.VGA_Init          vga.o
    0x08001774   0x08001774   0x000000ec   Code   RO          265    i.VGA_InitSPI       vga.o
    0x08001860   0x08001860   0x00000160   Code   RO          266    i.VGA_InitTIM       vga.o
    0x080019c0   0x080019c0   0x00000018   Code   RO          267    i.VGA_SetBuf        vga.o
    0x080019d8   0x080019d8   0x0000000e   Code   RO         1738    i.__scatterload_copy  mc_w.l(handlers.o)
    0x080019e6   0x080019e6   0x00000002   Code   RO         1739    i.__scatterload_null  mc_w.l(handlers.o)
    0x080019e8   0x080019e8   0x0000000e   Code   RO         1740    i.__scatterload_zeroinit  mc_w.l(handlers.o)
    0x080019f6   0x080019f6   0x00000002   PAD
    0x080019f8   0x080019f8   0x00000110   Code   RO            1    i.main              main.o
    0x08001b08   0x08001b08   0x00000020   Data   RO         1736    Region$$Table       anon$$obj.o


    Execution Region RW_IRAM1 (Exec base: 0x20000000, Load base: 0x08001b28, Size: 0x00002cd8, Max: 0x00005000, ABSOLUTE)

    Exec Addr    Load Addr    Size         Type   Attr      Idx    E Section Name        Object

    0x20000000   0x08001b28   0x00000018   Data   RW          188    .data               fs.o
    0x20000018   0x08001b40   0x00000001   Data   RW          218    .data               sd.o
    0x20000019   0x08001b41   0x00000001   PAD
    0x2000001a   0x08001b42   0x00000004   Data   RW          269    .data               vga.o
    0x2000001e   0x08001b46   0x00000014   Data   RW          484    .data               stm32f10x_rcc.o
    0x20000032   0x08001b5a   0x00000002   PAD
    0x20000034        -       0x000028a0   Zero   RW          268    .bss                vga.o
    0x200028d4   0x08001b5a   0x00000004   PAD
    0x200028d8        -       0x00000400   Zero   RW         1710    STACK               startup_stm32f10x_md.o


==============================================================================

Image component sizes


      Code (inc. data)   RO Data    RW Data    ZI Data      Debug   Object Name

         0          0          0          0          0         32   core_cm3.o
        56          0          0          0          0        451   delay.o
       976         58          0         24          0       2906   fs.o
       272          6          0          0          0     269039   main.o
       112         12          0          0          0        904   misc.o
       288         26          0          0          0        754   player.o
       768         30          0          1          0       4180   sd.o
       120         12          0          0          0        968   serial.o
        36          8        236          0       1024        760   startup_stm32f10x_md.o
       410          8          0          0          0       3243   stm32f10x_dma.o
       304          0          0          0          0       3376   stm32f10x_gpio.o
        26          0          0          0          0       3470   stm32f10x_it.o
       372         50          0         20          0       5716   stm32f10x_rcc.o
       154          0          0          0          0       4526   stm32f10x_spi.o
      1236        146          0          0          0       7365   stm32f10x_tim.o
       274          6          0          0          0       3732   stm32f10x_usart.o
       328         28          0          0          0       1985   system_stm32f10x.o
       852         72          0          4      10400       4326   vga.o

    ----------------------------------------------------------------------
      6596        462        268         52      11428     317733   Object Totals
         0          0         32          0          0          0   (incl. Generated)
        12          0          0          3          4          0   (incl. Padding)

    ----------------------------------------------------------------------

      Code (inc. data)   RO Data    RW Data    ZI Data      Debug   Library Member Name

         0          0          0          0          0          0   entry.o
         0          0          0          0          0          0   entry10a.o
         0          0          0          0          0          0   entry11a.o
         8          4          0          0          0          0   entry2.o
         4          0          0          0          0          0   entry5.o
         0          0          0          0          0          0   entry7b.o
         0          0          0          0          0          0   entry8b.o
         8          4          0          0          0          0   entry9a.o
        30          0          0          0          0          0   handlers.o
        36          8          0          0          0         68   init.o

    ----------------------------------------------------------------------
        88         16          0          0          0         68   Library Totals
         2          0          0          0          0          0   (incl. Padding)

    ----------------------------------------------------------------------

      Code (inc. data)   RO Data    RW Data    ZI Data      Debug   Library Name

        86         16          0          0          0         68   mc_w.l

    ----------------------------------------------------------------------
        88         16          0          0          0         68   Library Totals

    ----------------------------------------------------------------------

==============================================================================


      Code (inc. data)   RO Data    RW Data    ZI Data      Debug   

      6684        478        268         52      11428     314521   Grand Totals
      6684        478        268         52      11428     314521   ELF Image Totals
      6684        478        268         52          0          0   ROM Totals

==============================================================================

    Total RO  Size (Code + RO Data)                 6952 (   6.79kB)
    Total RW  Size (RW Data + ZI Data)             11480 (  11.21kB)
    Total ROM Size (Code + RO Data + RW Data)       7004 (   6.84kB)

==============================================================================

